SLURM INSTALL : 

root@Master:~# apt-get install slurm-llnl

SLURM CONF: 

générer un fichier de conf :

sftp://ip-server/usr/share/doc/slurmctld/slurm-wlm-configurator.html

Slurm.conf :

#
# slurm.conf file generated by configurator.html.
#
# See the slurm.conf man page for more information.
#
ClusterName=HPC
ControlMachine=Master
ControlAddr=192.168.43.187
#
SlurmUser=slurm
SlurmctldPort=6817
SlurmdPort=6818
AuthType=auth/munge
StateSaveLocation=/tmp
SlurmdSpoolDir=/var/spool/slurm/slurmd
SwitchType=switch/none
MpiDefault=none
SlurmctldPidFile=/var/run/slurmctld.pid
SlurmdPidFile=/var/run/slurmd.pid
ProctrackType=proctrack/pgid
CacheGroups=0
ReturnToService=1
#
# TIMERS
SlurmctldTimeout=300
SlurmdTimeout=300
InactiveLimit=0
MinJobAge=300
KillWait=30
Waittime=0
#
# SCHEDULING
SchedulerType=sched/backfill
SelectType=select/linear
FastSchedule=1
SchedulerPort=7321
#
# LOGGING
SlurmctldDebug=3
SlurmdDebug=3
JobCompType=jobcomp/none
JobCompLoc=/tmp/slurm_job_completion.txt
#
# ACCOUNTING
JobAcctGatherType=jobacct_gather/linux
JobAcctGatherFrequency=30
#
#AccountingStorageType=accounting_storage/slurmdbd
#AccountingStorageHost=slurm
#AccountingStorageLoc=/tmp/slurm_job_accounting.txt
#AccountingStoragePass=
#AccountingStorageUser=
#
# LOGS
SlurmctldDebug=3
SlurmctldLogFile=/var/log/slurm/slurmctld.log
SlurmdDebug=3
SlurmdLogFile=/var/log/slurm/slurmd.log
# COMPUTE NODES
# control node
NodeName=Master NodeAddr=192.168.43.187 Port=17000 State=UNKNOWN

# each logical node is on the same physical node, so we need different ports for them
# name guane-[*] is arbitrary
NodeName=slurm1 NodeAddr=10.20.96.84 Port=17002 State=UNKNOWN
NodeName=slurm2 NodeAddr=10.20.96.129 Port=17003 State=UNKNOWN

# PARTITIONS
# partition name is arbitrary
PartitionName=babe Nodes=slurm[1-2] Default=YES MaxTime=INFINITE State=UP



MUNGE INSTALL 

Sur tout les nodes :

root@Master:~# apt-get install libmunge-dev libmunge2 munge

CREATION KEY sur le MASTER : 

root@Master:# /usr/sbin/create-munge-key 

COPIER LA CLE SUR LES AUTRES NODE(ici ce sont nos conteneur LXD) :

root@Master:/etc/munge# scp munge.key root@10.20.96.84:/etc/munge/munge.key

modifier l'user munge de tout les nodes :

/etc/passwd
munge:x:501:501::/var/run/munge;/sbin/nologin

Start munge et troubleshoot si y'a un soucis :

/etc/init.d/munge start



Installer munge sur chaque noeud du cluster :

apt-get install -y libmunge-dev libmunge2 munge

Copier la munge.key sur tout les noeud du cluster 

scp /etc/munge/munge.key root@node:/etc/munge/munge.key

ne pas oublier de donner les droit à l'utilisateur munge sur le fichier :

chown munge:munge /etc/munge/munge.key
chmod 400 /etc/munge/munge.key

Installer le deamon slurm sur tout les noeud qui ferons les calculs :

apt-get install -y slurmd

Start le deamon slurm sur chaque noeud/ et sur le master si il fait partie des machines qui feront
les calculs:

/etc/init.d/slurmd start

Start le manager sur le master :

/etc/init.d/slurmctld start

Sur cette partie il y'a du troubleshot à faire avec journalctl -xe car certain fichier n'ont pas les bon nom ou les bon droit. Du coup il faut les modifier pour pouvoir lancer les deamons.

Error:
(null): log_init(): Unable to open logfile`/var/log/slurm/slurmd.log': No such file or directory

root@Master:/var/log# mv slurm-llnl/ slurm
root@Master:/var/log# touch slurm.log slurm/

fatal: mkdir(/var/spool/slurm/slurmd): No such file or directory

root@Slave:/var/spool# mkdir slurm
root@Slave:/var/spool# touch slurm/slurmd

slurmd.service: Failed to read PID from file /var/run/slurm-llnl/slurmd.pid: Invalid argument

Modifier le fichier de conf slurm pour mettre le slurm.pid dans le dossier slurm-llnl

SlurmctldPidFile=/var/run/slurmctld.pid
SlurmdPidFile=/var/run/slurmd.pid

SlurmctldPidFile=/var/run/slurm-llnl/slurmctld.pid
SlurmdPidFile=/var/run/slurm-llnl/slurmd.pid

